2026-04-20T19:49:25+00:00 ERROR Initiate rejected or invalid response (HTTP 404). Body: <!DOCTYPE html>
<html lang="en">
    <head>
        <title>Page Not Found</title>
        <link href="https://onekhusa.com/modules/system/assets/css/styles.css" rel="stylesheet" />
        <script src="https://onekhusa.com/modules/system/assets/js/framework-bundle.min.js"></script>
        <meta name="turbo-visit-control" content="disable" />
        <meta charset="utf-8" />
    </head>
    <body>
        <div class="container">
            <h1><i class="icon-chain-broken warning"></i> Page Not 
2026-04-20T19:51:12+00:00 ERROR Initiate rejected or invalid response (HTTP 404). Body: <!DOCTYPE html>
<html lang="en">
    <head>
        <title>Page Not Found</title>
        <link href="https://onekhusa.com/modules/system/assets/css/styles.css" rel="stylesheet" />
        <script src="https://onekhusa.com/modules/system/assets/js/framework-bundle.min.js"></script>
        <meta name="turbo-visit-control" content="disable" />
        <meta charset="utf-8" />
    </head>
    <body>
        <div class="container">
            <h1><i class="icon-chain-broken warning"></i> Page Not 
2026-04-20T19:53:38+00:00 ERROR Initiate rejected or invalid response (HTTP 404). Body: {"type":"https://httpstatuses.com/404","title":"Not Found","status":404,"instance":""}
