2026-04-21T07:59:12+00:00 DEBUG #4026 - [New Request] GET /wp-admin/admin.php
2026-04-21T07:59:12+00:00 DEBUG #4026 - GET https://api.woocommerce.com/integrations/ppc/v1/customer/partners/K8SKZ36LQBWXJ/merchant-integrations/
Response: Array
(
    [code] => 404
    [message] => Not Found
)

Response Body: {"statusCode":404,"error":"Not Found","message":"Not Found"}
2026-04-21T07:59:12+00:00 WARNING #4026 - [Error] Not Found CONTEXT: {"args":{"method":"GET","headers":{"Authorization":"Bearer token","Content-Type":"application/json"}},"response":{"headers":{},"body":"{"statusCode":404,"error":"Not Found","message":"Not Found"}","response":{"code":404,"message":"Not Found"},"cookies":[],"filename":null,"http_response":{"data":null,"headers":null,"status":null}}}
2026-04-21T12:53:38+00:00 DEBUG #1019 - [New Request] GET /wp-admin/admin.php
2026-04-21T12:53:38+00:00 DEBUG #1019 - GET https://api.woocommerce.com/integrations/ppc/v1/customer/partners/K8SKZ36LQBWXJ/merchant-integrations/
Response: Array
(
    [code] => 404
    [message] => Not Found
)

Response Body: {"statusCode":404,"error":"Not Found","message":"Not Found"}
2026-04-21T12:53:38+00:00 WARNING #1019 - [Error] Not Found CONTEXT: {"args":{"method":"GET","headers":{"Authorization":"Bearer token","Content-Type":"application/json"}},"response":{"headers":{},"body":"{"statusCode":404,"error":"Not Found","message":"Not Found"}","response":{"code":404,"message":"Not Found"},"cookies":[],"filename":null,"http_response":{"data":null,"headers":null,"status":null}}}
2026-04-21T13:06:51+00:00 DEBUG #7373 - [New Request] GET /wp-admin/plugins.php
2026-04-21T13:06:51+00:00 DEBUG #7373 - Webhook lock acquired for 'unregister'.
2026-04-21T13:06:51+00:00 DEBUG #7373 - Webhook operation 'unregister' started.
2026-04-21T13:06:52+00:00 DEBUG #7373 - GET https://api.woocommerce.com/integrations/ppc/v1/notifications/webhooks
Response: Array
(
    [code] => 404
    [message] => Not Found
)

Response Body: {"statusCode":404,"error":"Not Found","message":"Not Found"}
2026-04-21T13:06:52+00:00 ERROR #7373 - Failed to delete webhooks: [Error] Not Found
2026-04-21T13:06:52+00:00 INFO #7373 - Webhooks deleted.
2026-04-21T13:06:52+00:00 DEBUG #7373 - Webhook lock released for 'unregister'.
